#gene	cog	ko	module	pathway	cog.kingdom	ko.kingdom	module.kingdom	pathway.kingdom	cog.phylum	ko.phylum	module.phylum	pathway.phylum	cog.class	ko.class	module.class	pathway.class	cog.order	ko.order	module.order	pathway.order	cog.family	ko.family	module.family	pathway.family	cog.genus	ko.genus	module.genus	pathway.genus	cog.species	ko.species	module.species	pathway.species	pfamA	pfamB
122_DCM_0d2-0d45_scaffold97490_1_gene122702	NOG318324	NA	NA	NA	NOG318324|Eukaryota	NA|Eukaryota	NA|Eukaryota	NA|Eukaryota	NOG318324|undef	NA|undef	NA|undef	NA|undef	NOG318324|undef	NA|undef	NA|undef	NA|undef	NOG318324|undef	NA|undef	NA|undef	NA|undef	NOG318324|undef	NA|undef	NA|undef	NA|undef	NOG318324|undef	NA|undef	NA|undef	NA|undef	NOG318324|undef	NA|undef	NA|undef	NA|undef	PF01344.20,PF07646.10,PF13205.1,PF13415.1,PF13418.1,PF13540.1,PF13854.1,PF13964.1,PF14312.1	PB009533
POV_9_contig9949_gene212848	COG2813	K00564	NA	NA	COG2813|Eukaryota	K00564|Eukaryota	NA|Eukaryota	NA|Eukaryota	COG2813|undef	K00564|undef	NA|undef	NA|undef	COG2813|undef	K00564|undef	NA|undef	NA|undef	COG2813|Phaeocystales	K00564|Phaeocystales	NA|Phaeocystales	NA|Phaeocystales	COG2813|Phaeocystaceae	K00564|Phaeocystaceae	NA|Phaeocystaceae	NA|Phaeocystaceae	COG2813|Phaeocystis	K00564|Phaeocystis	NA|Phaeocystis	NA|Phaeocystis	COG2813|undef	K00564|undef	NA|undef	NA|undef	PF05175.9	
POV_9_contig9950_gene212849	COG2813	K00564	NA	NA	COG2813|Eukaryota	K00564|Eukaryota	NA|Eukaryota	NA|Eukaryota	COG2813|Chordata	K00564|Chordata	NA|Chordata	NA|Chordata	COG2813|Mammalia	K00564|Mammalia	NA|Mammalia	NA|Mammalia	COG2813|undef	K00564|undef	NA|undef	NA|undef	COG2813|undef	K00564|undef	NA|undef	NA|undef	COG2813|undef	K00564|undef	NA|undef	NA|undef	COG2813|undef	K00564|undef	NA|undef	NA|undef	PF03602.10,PF05175.9,PF05971.7,PF13659.1	
POV_9_contig9982_gene212873	COG4615	K06160	NA	ko02010	COG4615|Eukaryota	K06160|Eukaryota	NA|Eukaryota	ko02010|Eukaryota	COG4615|undef	K06160|undef	NA|undef	ko02010|undef	COG4615|undef	K06160|undef	NA|undef	ko02010|undef	COG4615|undef	K06160|undef	NA|undef	ko02010|undef	COG4615|undef	K06160|undef	NA|undef	ko02010|undef	COG4615|Partenskyella	K06160|Partenskyella	NA|Partenskyella	ko02010|Partenskyella	COG4615|undef	K06160|undef	NA|undef	ko02010|undef		PB002724
